[www.dotrex.co/vertica/themes/jessie.html]
[backblue.gif]
[fade.gif]
[index.html]
[www.dotrex.co/vertica/themes/vendor/bootstrap/css/bootstrap.min.css]
[www.dotrex.co/vertica/themes/vendor/font-awesome/css/font-awesome.min.css]
[www.dotrex.co/vertica/themes/vendor/nivo-lightbox/nivo-lightbox.css]
[www.dotrex.co/vertica/themes/vendor/nivo-lightbox/themes/default/default.css]
[www.dotrex.co/vertica/themes/vendor/animate.css]
[www.dotrex.co/vertica/themes/css/styles.css]
[www.dotrex.co/vertica/themes/css/themes/jessie.css]
[www.dotrex.co/vertica/themes/favicon-vertica.ico]
[www.dotrex.co/vertica/themes/apple-touch-icon-144.png]
[dotrex.co/vertica/themes/apple-touch-icon-114-precomposed.c.delayed]
[dotrex.co/vertica/themes/apple-touch-icon-72-precomposed.png]
[www.dotrex.co/vertica/themes/apple-touch-icon-57.png]
[www.dotrex.co/vertica/themes/img/avatar-jessie.jpg]
[www.dotrex.co/vertica/themes/img/portfolio-item1-photo-thumb.jpg]
[www.dotrex.co/vertica/themes/img/portfolio-item2-photo-zoom.jpg]
[www.dotrex.co/vertica/themes/img/portfolio-item2-photo-thumb.jpg]
[www.dotrex.co/vertica/themes/img/portfolio-item3-photo-thumb.jpg]
[www.dotrex.co/vertica/themes/img/portfolio-item4-photo-thumb.jpg]
[www.dotrex.co/vertica/themes/img/portfolio-item5-photo-zoom.jpg]
[www.dotrex.co/vertica/themes/img/portfolio-item5-photo-thumb.jpg]
[www.dotrex.co/vertica/themes/img/portfolio-item6-photo-thumb.jpg]
[www.dotrex.co/vertica/themes/img/portfolio-item7-photo-zoom.jpg]
[www.dotrex.co/vertica/themes/img/portfolio-item8-photo-zoom.jpg]
[www.dotrex.co/vertica/themes/img/portfolio-item8-photo-thumb.jpg]
[ajax.googleapis.com/ajax/libs/jquery/1.11.0/jquery.min.js]
[www.dotrex.co/vertica/themes/vendor/bootstrap/js/bootstrap.min.js]
[cdnjs.cloudflare.com/ajax/libs/jquery-easing/1.3/jquery.easing.min.js]
[www.dotrex.co/vertica/themes/vendor/jquery.mousewheel.min.js]
[www.dotrex.co/vertica/themes/vendor/jquery.nicescroll.min.js]
[www.dotrex.co/vertica/themes/vendor/jquery.nicescroll.plus.js]
[www.dotrex.co/vertica/themes/vendor/waypoints.min.js]
[www.dotrex.co/vertica/themes/vendor/nivo-lightbox/nivo-lightbox.min.js]
[www.dotrex.co/vertica/themes/vendor/jquery.bxslider.min.js]
[www.dotrex.co/vertica/themes/vendor/jquery.validate.min.js]
[www.dotrex.co/vertica/themes/vendor/placeholders.jquery.min.js]
[www.dotrex.co/vertica/themes/js/cross-browser.js]
[www.dotrex.co/vertica/themes/jessie.html]
[www.google-analytics.com/analytics.js]
[www.dotrex.co/vertica/themes/js/main.js]
[www.dotrex.co/vertica/themes/vendor/bootstrap/fonts/glyphicons-halflings-regular.eot]
[www.dotrex.co/vertica/themes/vendor/bootstrap/fonts/glyphicons-halflings-regular.woff]
[www.dotrex.co/vertica/themes/vendor/bootstrap/fonts/glyphicons-halflings-regular.ttf]
[www.dotrex.co/vertica/themes/vendor/bootstrap/css/bootstrap.min.css]
[www.dotrex.co/vertica/themes/vendor/font-awesome/fonts/fontawesome-webfont862f.eot]
[www.dotrex.co/vertica/themes/vendor/font-awesome/fonts/fontawesome-webfontd41d.eot]
[www.dotrex.co/vertica/themes/vendor/font-awesome/fonts/fontawesome-webfont862f.woff]
[www.dotrex.co/vertica/themes/vendor/font-awesome/css/font-awesome.min.css]
[www.dotrex.co/vertica/themes/vendor/nivo-lightbox/nivo-lightbox.css]
[www.dotrex.co/vertica/themes/vendor/nivo-lightbox/themes/default/loading.gif]
[www.dotrex.co/vertica/themes/vendor/nivo-lightbox/themes/default/prev.png]
[www.dotrex.co/vertica/themes/vendor/nivo-lightbox/themes/default/next.png]
[www.dotrex.co/vertica/themes/vendor/nivo-lightbox/themes/default/close.png]
[www.dotrex.co/vertica/themes/vendor/nivo-lightbox/themes/default/loading@2x.gif]
[www.dotrex.co/vertica/themes/vendor/nivo-lightbox/themes/default/prev@2x.png]
[www.dotrex.co/vertica/themes/vendor/nivo-lightbox/themes/default/next@2x.png]
[www.dotrex.co/vertica/themes/vendor/nivo-lightbox/themes/default/default.css]
[www.dotrex.co/vertica/themes/vendor/animate.css]
[www.dotrex.co/vertica/themes/img/background2.jpg]
[www.dotrex.co/vertica/themes/img/paper-bg2.png]
[www.dotrex.co/vertica/themes/img/paper-bg-bot.png]
[www.dotrex.co/vertica/themes/img/timeline-bg.png]
[www.dotrex.co/vertica/themes/img/progress-bar.png]
[www.dotrex.co/vertica/themes/img/progress-point.png]
[www.dotrex.co/vertica/themes/img/progress-work3.png]
[www.dotrex.co/vertica/themes/img/progress-mail3.png]
[www.dotrex.co/vertica/themes/img/progress-section-title3.png]
[www.dotrex.co/vertica/themes/css/styles.css]
[www.dotrex.co/vertica/themes/img/jessie-bg.jpg]
[www.dotrex.co/vertica/themes/css/themes/jessie.css]
[dotrex.co/vertica/themes/apple-touch-icon-114-precomposed.html]
[dotrex.co/vertica/themes/apple-touch-icon-72-precomposed.html]
[www.dotrex.co/vertica/themes/img/portfolio-item1-photo-zoom.jpg]
[www.dotrex.co/vertica/themes/img/portfolio-item3-photo-zoom.jpg]
[www.dotrex.co/vertica/themes/img/portfolio-item4-photo-zoom.jpg]
[www.dotrex.co/vertica/themes/img/portfolio-item6-photo-zoom.jpg]
[www.dotrex.co/vertica/themes/img/portfolio-item7-photo-thumb.jpg]
[www.dotrex.co/vertica/themes/vendor/bootstrap/fonts/glyphicons-halflings-regulard41d.eot]
[www.dotrex.co/vertica/themes/vendor/bootstrap/fonts/glyphicons-halflings-regular.svg]
[www.dotrex.co/vertica/themes/vendor/font-awesome/fonts/fontawesome-webfont862f.svg]
[www.dotrex.co/vertica/themes/vendor/nivo-lightbox/themes/default/close@2x.png]
[www.dotrex.co/vertica/themes/img/progress-education4.png]
[www.dotrex.co/vertica/themes/vendor/font-awesome/fonts/fontawesome-webfont862f.ttf]
